22:47:45 **** Incremental Build of configuration Debug for project CountDownTimerCustomHwPollingApp ****
make all 
Building file: ../src/helloworld.c
Invoking: MicroBlaze gcc compiler
mb-gcc -Wall -O0 -g3 -c -fmessage-length=0 -MT"src/helloworld.o" -IC:/Users/Pedro/Documents/UA/CR/Labs/Lab5/CountDownTimerCustomHw/CountDownTimerCustomHwWorkspace/CountDownTimerCustomHw/export/CountDownTimerCustomHw/sw/CountDownTimerCustomHw/standalone_domain/bspinclude/include -mlittle-endian -mxl-barrel-shift -mno-xl-soft-div -mcpu=v11.0 -mno-xl-soft-mul -Wl,--no-relax -ffunction-sections -fdata-sections -MMD -MP -MF"src/helloworld.d" -MT"src/helloworld.o" -o "src/helloworld.o" "../src/helloworld.c"
Finished building: ../src/helloworld.c
 
Building target: CountDownTimerCustomHwPollingApp.elf
Invoking: MicroBlaze gcc linker
mb-gcc -Wl,-T -Wl,../src/lscript.ld -LC:/Users/Pedro/Documents/UA/CR/Labs/Lab5/CountDownTimerCustomHw/CountDownTimerCustomHwWorkspace/CountDownTimerCustomHw/export/CountDownTimerCustomHw/sw/CountDownTimerCustomHw/standalone_domain/bsplib/lib -mlittle-endian -mxl-barrel-shift -mno-xl-soft-div -mcpu=v11.0 -mno-xl-soft-mul -Wl,--no-relax -Wl,--gc-sections -o "CountDownTimerCustomHwPollingApp.elf"  ./src/helloworld.o ./src/platform.o   -Wl,--start-group,-lxil,-lgcc,-lc,--end-group
Finished building target: CountDownTimerCustomHwPollingApp.elf
 
Invoking: MicroBlaze Print Size
mb-size CountDownTimerCustomHwPollingApp.elf  |tee "CountDownTimerCustomHwPollingApp.elf.size"
   text	   data	    bss	    dec	    hex	filename
  10732	    712	   3116	  14560	   38e0	CountDownTimerCustomHwPollingApp.elf
Finished building: CountDownTimerCustomHwPollingApp.elf.size
 

22:47:46 Build Finished (took 997ms)

