Nothing to build in platform 'mb_design_wrapper_1'

14:50:44 **** Incremental Build of configuration Debug for project TimerApp ****
make all 
Building file: ../src/helloworld.c
Invoking: MicroBlaze gcc compiler
mb-gcc -Wall -O0 -g3 -c -fmessage-length=0 -MT"src/helloworld.o" -IC:/Users/Pedro/Documents/UA/CR/Labs/Lab4/CountDownTimerSoftware/workspace/mb_design_wrapper_1/export/mb_design_wrapper_1/sw/mb_design_wrapper_1/standalone_domain/bspinclude/include -mlittle-endian -mxl-barrel-shift -mno-xl-soft-div -mcpu=v11.0 -mno-xl-soft-mul -Wl,--no-relax -ffunction-sections -fdata-sections -MMD -MP -MF"src/helloworld.d" -MT"src/helloworld.o" -o "src/helloworld.o" "../src/helloworld.c"
../src/helloworld.c: In function 'UpdateStateMachine':
../src/helloworld.c:210:15: warning: assignment to 'unsigned char' from 'char *' makes integer from pointer without a cast [-Wint-conversion]
    *pSetFlags = "0000";
               ^
../src/helloworld.c:218:16: warning: assignment to 'unsigned char' from 'char *' makes integer from pointer without a cast [-Wint-conversion]
     *pSetFlags = "0001";
                ^
../src/helloworld.c:225:15: warning: assignment to 'unsigned char' from 'char *' makes integer from pointer without a cast [-Wint-conversion]
    *pSetFlags = "0000";
               ^
../src/helloworld.c:239:15: warning: assignment to 'unsigned char' from 'char *' makes integer from pointer without a cast [-Wint-conversion]
    *pSetFlags = "0001";       // digit ---X
               ^
../src/helloworld.c:244:16: warning: assignment to 'unsigned char' from 'char *' makes integer from pointer without a cast [-Wint-conversion]
     *pSetFlags = "0010";
                ^
../src/helloworld.c:254:15: warning: assignment to 'unsigned char' from 'char *' makes integer from pointer without a cast [-Wint-conversion]
    *pSetFlags = "0010";       // digit --X-
               ^
../src/helloworld.c:259:16: warning: assignment to 'unsigned char' from 'char *' makes integer from pointer without a cast [-Wint-conversion]
     *pSetFlags = "0100";
                ^
../src/helloworld.c:268:15: warning: assignment to 'unsigned char' from 'char *' makes integer from pointer without a cast [-Wint-conversion]
    *pSetFlags = "0100";       // digit -X--
               ^
../src/helloworld.c:273:16: warning: assignment to 'unsigned char' from 'char *' makes integer from pointer without a cast [-Wint-conversion]
     *pSetFlags = "1000";
                ^
../src/helloworld.c:282:15: warning: assignment to 'unsigned char' from 'char *' makes integer from pointer without a cast [-Wint-conversion]
    *pSetFlags = "1000";
               ^
../src/helloworld.c:287:16: warning: assignment to 'unsigned char' from 'char *' makes integer from pointer without a cast [-Wint-conversion]
     *pSetFlags = "0000";
                ^
../src/helloworld.c:296:15: warning: assignment to 'unsigned char' from 'char *' makes integer from pointer without a cast [-Wint-conversion]
    *pSetFlags = "0000";
               ^
Finished building: ../src/helloworld.c
 
Building target: TimerApp.elf
Invoking: MicroBlaze gcc linker
mb-gcc -Wl,-T -Wl,../src/lscript.ld -LC:/Users/Pedro/Documents/UA/CR/Labs/Lab4/CountDownTimerSoftware/workspace/mb_design_wrapper_1/export/mb_design_wrapper_1/sw/mb_design_wrapper_1/standalone_domain/bsplib/lib -mlittle-endian -mxl-barrel-shift -mno-xl-soft-div -mcpu=v11.0 -mno-xl-soft-mul -Wl,--no-relax -Wl,--gc-sections -o "TimerApp.elf"  ./src/helloworld.o ./src/platform.o   -Wl,--start-group,-lxil,-lgcc,-lc,--end-group
Finished building target: TimerApp.elf
 
Invoking: MicroBlaze Print Size
mb-size TimerApp.elf  |tee "TimerApp.elf.size"
   text	   data	    bss	    dec	    hex	filename
   5860	    364	   3120	   9344	   2480	TimerApp.elf
Finished building: TimerApp.elf.size
 
