11:20:36 **** Incremental Build of configuration Debug for project TimerSoftwareApp ****
make all 
'Building file: ../src/helloworld.c'
'Invoking: MicroBlaze gcc compiler'
mb-gcc -Wall -O0 -g3 -c -fmessage-length=0 -MT"src/helloworld.o" -IC:/Users/Pedro/Documents/UA/CR/Labs/Lab4/CountDownTimerSoftware/workspace/mb_design_wrapper/export/mb_design_wrapper/sw/mb_design_wrapper/standalone_domain/bspinclude/include -mlittle-endian -mcpu=v11.0 -mxl-soft-mul -Wl,--no-relax -ffunction-sections -fdata-sections -MMD -MP -MF"src/helloworld.d" -MT"src/helloworld.o" -o "src/helloworld.o" "../src/helloworld.c"
'Finished building: ../src/helloworld.c'
' '
'Building target: TimerSoftwareApp.elf'
'Invoking: MicroBlaze gcc linker'
mb-gcc -Wl,-T -Wl,../src/lscript.ld -LC:/Users/Pedro/Documents/UA/CR/Labs/Lab4/CountDownTimerSoftware/workspace/mb_design_wrapper/export/mb_design_wrapper/sw/mb_design_wrapper/standalone_domain/bsplib/lib -mlittle-endian -mcpu=v11.0 -mxl-soft-mul -Wl,--no-relax -Wl,--gc-sections -o "TimerSoftwareApp.elf"  ./src/helloworld.o ./src/platform.o   -Wl,--start-group,-lxil,-lgcc,-lc,--end-group
'Finished building target: TimerSoftwareApp.elf'
' '
'Invoking: MicroBlaze Print Size'
mb-size TimerSoftwareApp.elf  |tee "TimerSoftwareApp.elf.size"
   text	   data	    bss	    dec	    hex	filename
   3240	    324	   3108	   6672	   1a10	TimerSoftwareApp.elf
'Finished building: TimerSoftwareApp.elf.size'
' '

11:20:38 Build Finished (took 2s.624ms)

