#-----------------------------------------------------------
# Vivado v2017.4 (64-bit)
# SW Build 2086221 on Fri Dec 15 20:55:39 MST 2017
# IP Build 2085800 on Fri Dec 15 22:25:07 MST 2017
# Start of session at: Mon Feb 26 10:06:19 2018
# Process ID: 11348
# Current directory: C:/Users/asroliveira/CloudStation/CR/2018/RegInputsDemo
# Command line: vivado.exe -gui_launcher_event rodinguilauncherevent9000 C:\Users\asroliveira\CloudStation\CR\2018\RegInputsDemo\RegInputsDemo.xpr
# Log file: C:/Users/asroliveira/CloudStation/CR/2018/RegInputsDemo/vivado.log
# Journal file: C:/Users/asroliveira/CloudStation/CR/2018/RegInputsDemo\vivado.jou
#-----------------------------------------------------------
start_gui
open_project C:/Users/asroliveira/CloudStation/CR/2018/RegInputsDemo/RegInputsDemo.xpr
update_compile_order -fileset sources_1
reset_run synth_2
launch_runs impl_2 -to_step write_bitstream -jobs 2
wait_on_run impl_2
open_hw
connect_hw_server
open_hw_target
set_property PROGRAM.FILE {C:/Users/asroliveira/CloudStation/CR/2018/RegInputsDemo/RegInputsDemo.runs/impl_1/RegInpusTop.bit} [get_hw_devices xc7a100t_0]
current_hw_device [get_hw_devices xc7a100t_0]
refresh_hw_device -update_hw_probes false [lindex [get_hw_devices xc7a100t_0] 0]
set_property PROBES.FILE {} [get_hw_devices xc7a100t_0]
set_property FULL_PROBES.FILE {} [get_hw_devices xc7a100t_0]
set_property PROGRAM.FILE {C:/Users/asroliveira/CloudStation/CR/2018/RegInputsDemo/RegInputsDemo.runs/impl_1/RegInpusTop.bit} [get_hw_devices xc7a100t_0]
program_hw_devices [get_hw_devices xc7a100t_0]
refresh_hw_device [lindex [get_hw_devices xc7a100t_0] 0]
synth_design -rtl -name rtl_1
