#-----------------------------------------------------------
# Webtalk v2019.2 (64-bit)
# SW Build 2708876 on Wed Nov  6 21:40:23 MST 2019
# IP Build 2700528 on Thu Nov  7 00:09:20 MST 2019
# Start of session at: Thu May 14 11:04:17 2020
# Process ID: 372
# Current directory: c:/users/pedro/dropbox/ua/cr/labs/lab7/customcopsdemo/customcopsdemo.tmp/populationcounter_v1_0_project/PopulationCounter_v1_0_project.sim/sim_1/behav/xsim
# Command line: wbtcv.exe -mode batch -source c:/users/pedro/dropbox/ua/cr/labs/lab7/customcopsdemo/customcopsdemo.tmp/populationcounter_v1_0_project/PopulationCounter_v1_0_project.sim/sim_1/behav/xsim/xsim.dir/PopulationCountTb_behav/webtalk/xsim_webtalk.tcl -notrace
# Log file: c:/users/pedro/dropbox/ua/cr/labs/lab7/customcopsdemo/customcopsdemo.tmp/populationcounter_v1_0_project/PopulationCounter_v1_0_project.sim/sim_1/behav/xsim/webtalk.log
# Journal file: c:/users/pedro/dropbox/ua/cr/labs/lab7/customcopsdemo/customcopsdemo.tmp/populationcounter_v1_0_project/PopulationCounter_v1_0_project.sim/sim_1/behav/xsim\webtalk.jou
#-----------------------------------------------------------
source c:/users/pedro/dropbox/ua/cr/labs/lab7/customcopsdemo/customcopsdemo.tmp/populationcounter_v1_0_project/PopulationCounter_v1_0_project.sim/sim_1/behav/xsim/xsim.dir/PopulationCountTb_behav/webtalk/xsim_webtalk.tcl -notrace
